EN roundcounter NULL /home/ise/VHDL_Lab_workspace/VHDL_System_Design_Lab/submit/rcs2/roundcounter.vhd sub00/vhpl20 1769517826
AR addop behavioral /home/ise/VHDL_Lab_workspace/VHDL_System_Design_Lab/submit/rcs2/addop.vhd sub00/vhpl05 1769517811
EN mulop NULL /home/ise/VHDL_Lab_workspace/VHDL_System_Design_Lab/submit/rcs2/mulop.vhd sub00/vhpl02 1769517808
EN datapath NULL /home/ise/VHDL_Lab_workspace/VHDL_System_Design_Lab/submit/rcs2/datapath.vhd sub00/vhpl12 1769517818
EN addop NULL /home/ise/VHDL_Lab_workspace/VHDL_System_Design_Lab/submit/rcs2/addop.vhd sub00/vhpl04 1769517810
EN mux2x1 NULL /home/ise/VHDL_Lab_workspace/VHDL_System_Design_Lab/submit/rcs2/mux2x1.vhd sub00/vhpl14 1769517820
AR mux2x1 behavioral /home/ise/VHDL_Lab_workspace/VHDL_System_Design_Lab/submit/rcs2/mux2x1.vhd sub00/vhpl15 1769517821
EN reg16 NULL /home/ise/VHDL_Lab_workspace/VHDL_System_Design_Lab/submit/rcs2/reg16.vhd sub00/vhpl08 1769517814
AR reg16 behavioral /home/ise/VHDL_Lab_workspace/VHDL_System_Design_Lab/submit/rcs2/reg16.vhd sub00/vhpl09 1769517815
EN keygen NULL /home/ise/VHDL_Lab_workspace/VHDL_System_Design_Lab/submit/rcs2/keygen.vhd sub00/vhpl16 1769517822
EN mux4x1 NULL /home/ise/VHDL_Lab_workspace/VHDL_System_Design_Lab/submit/rcs2/mux4x1.vhd sub00/vhpl00 1769517806
AR mux4x1 behavioral /home/ise/VHDL_Lab_workspace/VHDL_System_Design_Lab/submit/rcs2/mux4x1.vhd sub00/vhpl01 1769517807
EN xorop NULL /home/ise/VHDL_Lab_workspace/VHDL_System_Design_Lab/submit/rcs2/xorop.vhd sub00/vhpl06 1769517812
EN control NULL /home/ise/VHDL_Lab_workspace/VHDL_System_Design_Lab/submit/rcs2/control.vhd sub00/vhpl10 1769517816
AR mulop behavioral /home/ise/VHDL_Lab_workspace/VHDL_System_Design_Lab/submit/rcs2/mulop.vhd sub00/vhpl03 1769517809
AR control behavioral /home/ise/VHDL_Lab_workspace/VHDL_System_Design_Lab/submit/rcs2/control.vhd sub00/vhpl11 1769517817
AR datapath behavioral /home/ise/VHDL_Lab_workspace/VHDL_System_Design_Lab/submit/rcs2/datapath.vhd sub00/vhpl13 1769517819
EN clockedround NULL /home/ise/VHDL_Lab_workspace/VHDL_System_Design_Lab/submit/rcs2/clockedround.vhd sub00/vhpl18 1769517824
AR xorop behavioral /home/ise/VHDL_Lab_workspace/VHDL_System_Design_Lab/submit/rcs2/xorop.vhd sub00/vhpl07 1769517813
AR keygen behavioral /home/ise/VHDL_Lab_workspace/VHDL_System_Design_Lab/submit/rcs2/keygen.vhd sub00/vhpl17 1769517823
AR clockedround structural /home/ise/VHDL_Lab_workspace/VHDL_System_Design_Lab/submit/rcs2/clockedround.vhd sub00/vhpl19 1769517825
