EN rxcver NULL /nas/lrz/home/ge95gus/VHDL_System_Design_Lab_Workspace/vhdl_lab/03752843_rcs1/rxcver.vhd sub00/vhpl20 1764257341
AR idea_com_inner behavioral /nas/lrz/home/ge95gus/VHDL_System_Design_Lab_Workspace/vhdl_lab/03752843_rcs1/idea_com_inner.vhd sub00/vhpl29 1764257350
AR clk_div behavioral /nas/lrz/home/ge95gus/VHDL_System_Design_Lab_Workspace/vhdl_lab/03752843_rcs1/clk_div.vhd sub00/vhpl27 1764257348
AR addop behavioral /nas/lrz/home/ge95gus/VHDL_System_Design_Lab_Workspace/vhdl_lab/03752843_rcs1/addop.vhd sub00/vhpl03 1764257324
EN mulop NULL /nas/lrz/home/ge95gus/VHDL_System_Design_Lab_Workspace/vhdl_lab/03752843_rcs1/mulop.vhd sub00/vhpl00 1764257321
EN trafo NULL /nas/lrz/home/ge95gus/VHDL_System_Design_Lab_Workspace/vhdl_lab/03752843_rcs1/trafo.vhd sub00/vhpl16 1764257337
AR round behavioral /nas/lrz/home/ge95gus/VHDL_System_Design_Lab_Workspace/vhdl_lab/03752843_rcs1/round.vhd sub00/vhpl13 1764257334
EN addop NULL /nas/lrz/home/ge95gus/VHDL_System_Design_Lab_Workspace/vhdl_lab/03752843_rcs1/addop.vhd sub00/vhpl02 1764257323
EN mux2x1 NULL /nas/lrz/home/ge95gus/VHDL_System_Design_Lab_Workspace/vhdl_lab/03752843_rcs1/mux2x1.vhd sub00/vhpl10 1764257331
AR mux2x1 behavioral /nas/lrz/home/ge95gus/VHDL_System_Design_Lab_Workspace/vhdl_lab/03752843_rcs1/mux2x1.vhd sub00/vhpl11 1764257332
AR trafo behavioral /nas/lrz/home/ge95gus/VHDL_System_Design_Lab_Workspace/vhdl_lab/03752843_rcs1/trafo.vhd sub00/vhpl17 1764257338
EN idea_com NULL /nas/lrz/home/ge95gus/VHDL_System_Design_Lab_Workspace/vhdl_lab/03752843_rcs1/idea_com.vhd sub00/vhpl30 1764257351
EN reg16 NULL /nas/lrz/home/ge95gus/VHDL_System_Design_Lab_Workspace/vhdl_lab/03752843_rcs1/register.vhd sub00/vhpl14 1764257335
AR reg16 behavioral /nas/lrz/home/ge95gus/VHDL_System_Design_Lab_Workspace/vhdl_lab/03752843_rcs1/register.vhd sub00/vhpl15 1764257336
EN keygen NULL /nas/lrz/home/ge95gus/VHDL_System_Design_Lab_Workspace/vhdl_lab/03752843_rcs1/keygen.vhd sub00/vhpl08 1764257329
AR uart behavior /nas/lrz/home/ge95gus/VHDL_System_Design_Lab_Workspace/vhdl_lab/03752843_rcs1/uart.vhd sub00/vhpl23 1764257344
AR rxcver behavior /nas/lrz/home/ge95gus/VHDL_System_Design_Lab_Workspace/vhdl_lab/03752843_rcs1/rxcver.vhd sub00/vhpl21 1764257342
AR txmit behavior /nas/lrz/home/ge95gus/VHDL_System_Design_Lab_Workspace/vhdl_lab/03752843_rcs1/txmit.vhd sub00/vhpl19 1764257340
EN round NULL /nas/lrz/home/ge95gus/VHDL_System_Design_Lab_Workspace/vhdl_lab/03752843_rcs1/round.vhd sub00/vhpl12 1764257333
AR idea_com behavioral /nas/lrz/home/ge95gus/VHDL_System_Design_Lab_Workspace/vhdl_lab/03752843_rcs1/idea_com.vhd sub00/vhpl31 1764257352
EN xorop NULL /nas/lrz/home/ge95gus/VHDL_System_Design_Lab_Workspace/vhdl_lab/03752843_rcs1/xorop.vhd sub00/vhpl04 1764257325
EN control NULL /nas/lrz/home/ge95gus/VHDL_System_Design_Lab_Workspace/vhdl_lab/03752843_rcs1/control.vhd sub00/vhpl06 1764257327
AR mulop behavioral /nas/lrz/home/ge95gus/VHDL_System_Design_Lab_Workspace/vhdl_lab/03752843_rcs1/mulop.vhd sub00/vhpl01 1764257322
EN txmit NULL /nas/lrz/home/ge95gus/VHDL_System_Design_Lab_Workspace/vhdl_lab/03752843_rcs1/txmit.vhd sub00/vhpl18 1764257339
AR idea_single structural /nas/lrz/home/ge95gus/VHDL_System_Design_Lab_Workspace/vhdl_lab/03752843_rcs1/idea_single.vhd sub00/vhpl25 1764257346
AR control behavioral /nas/lrz/home/ge95gus/VHDL_System_Design_Lab_Workspace/vhdl_lab/03752843_rcs1/control.vhd sub00/vhpl07 1764257328
EN uart NULL /nas/lrz/home/ge95gus/VHDL_System_Design_Lab_Workspace/vhdl_lab/03752843_rcs1/uart.vhd sub00/vhpl22 1764257343
EN clk_div NULL /nas/lrz/home/ge95gus/VHDL_System_Design_Lab_Workspace/vhdl_lab/03752843_rcs1/clk_div.vhd sub00/vhpl26 1764257347
AR xorop behavioral /nas/lrz/home/ge95gus/VHDL_System_Design_Lab_Workspace/vhdl_lab/03752843_rcs1/xorop.vhd sub00/vhpl05 1764257326
EN idea_single NULL /nas/lrz/home/ge95gus/VHDL_System_Design_Lab_Workspace/vhdl_lab/03752843_rcs1/idea_single.vhd sub00/vhpl24 1764257345
AR keygen behavioral /nas/lrz/home/ge95gus/VHDL_System_Design_Lab_Workspace/vhdl_lab/03752843_rcs1/keygen.vhd sub00/vhpl09 1764257330
EN idea_com_inner NULL /nas/lrz/home/ge95gus/VHDL_System_Design_Lab_Workspace/vhdl_lab/03752843_rcs1/idea_com_inner.vhd sub00/vhpl28 1764257349
