V3 79
FL /home/ise/VHDL_Lab_workspace/VHDL_System_Design_Lab/submit/rcs1/addop.vhd 2025/11/22.20:22:37 P.20131013
FL /home/ise/VHDL_Lab_workspace/VHDL_System_Design_Lab/submit/rcs1/clk_div.vhd 2025/10/31.10:17:54 P.20131013
FL /home/ise/VHDL_Lab_workspace/VHDL_System_Design_Lab/submit/rcs1/control.vhd 2025/11/26.19:46:38 P.20131013
FL /home/ise/VHDL_Lab_workspace/VHDL_System_Design_Lab/submit/rcs1/idea_com.vhd 2025/10/31.10:17:54 P.20131013
FL /home/ise/VHDL_Lab_workspace/VHDL_System_Design_Lab/submit/rcs1/idea_com_inner.vhd 2025/10/31.10:17:54 P.20131013
FL /home/ise/VHDL_Lab_workspace/VHDL_System_Design_Lab/submit/rcs1/idea_single.vhd 2025/11/23.03:39:23 P.20131013
FL /home/ise/VHDL_Lab_workspace/VHDL_System_Design_Lab/submit/rcs1/keygen.vhd 2025/11/22.18:15:33 P.20131013
FL /home/ise/VHDL_Lab_workspace/VHDL_System_Design_Lab/submit/rcs1/mulop.vhd 2025/11/22.20:23:20 P.20131013
FL /home/ise/VHDL_Lab_workspace/VHDL_System_Design_Lab/submit/rcs1/mux2x1.vhd 2025/11/21.15:33:59 P.20131013
FL /home/ise/VHDL_Lab_workspace/VHDL_System_Design_Lab/submit/rcs1/register.vhd 2025/11/22.20:30:56 P.20131013
FL /home/ise/VHDL_Lab_workspace/VHDL_System_Design_Lab/submit/rcs1/round.vhd 2025/11/22.20:24:18 P.20131013
FL /home/ise/VHDL_Lab_workspace/VHDL_System_Design_Lab/submit/rcs1/rxcver.vhd 2025/10/31.10:17:54 P.20131013
FL /home/ise/VHDL_Lab_workspace/VHDL_System_Design_Lab/submit/rcs1/trafo.vhd 2025/11/22.20:34:29 P.20131013
FL /home/ise/VHDL_Lab_workspace/VHDL_System_Design_Lab/submit/rcs1/txmit.vhd 2025/10/31.10:17:54 P.20131013
FL /home/ise/VHDL_Lab_workspace/VHDL_System_Design_Lab/submit/rcs1/uart.vhd 2025/10/31.10:17:54 P.20131013
FL /home/ise/VHDL_Lab_workspace/VHDL_System_Design_Lab/submit/rcs1/xorop.vhd 2025/11/22.20:21:40 P.20131013
FL /nas/lrz/home/ge95gus/VHDL_System_Design_Lab_Workspace/vhdl_lab/03752843_rcs1/addop.vhd 2025/11/27.16:02:56 P.20131013
EN work/addop 1764257323 \
      FL /nas/lrz/home/ge95gus/VHDL_System_Design_Lab_Workspace/vhdl_lab/03752843_rcs1/addop.vhd \
      PB ieee/std_logic_1164 1381692176 PB ieee/STD_LOGIC_UNSIGNED 1381692179
AR work/addop/Behavioral 1764257324 \
      FL /nas/lrz/home/ge95gus/VHDL_System_Design_Lab_Workspace/vhdl_lab/03752843_rcs1/addop.vhd \
      EN work/addop 1764257323
FL /nas/lrz/home/ge95gus/VHDL_System_Design_Lab_Workspace/vhdl_lab/03752843_rcs1/clk_div.vhd 2025/11/27.16:02:56 P.20131013
EN work/clk_div 1764257347 \
      FL /nas/lrz/home/ge95gus/VHDL_System_Design_Lab_Workspace/vhdl_lab/03752843_rcs1/clk_div.vhd \
      PB ieee/std_logic_1164 1381692176 PB ieee/std_logic_arith 1381692177 \
      PB ieee/STD_LOGIC_UNSIGNED 1381692179
AR work/clk_div/Behavioral 1764257348 \
      FL /nas/lrz/home/ge95gus/VHDL_System_Design_Lab_Workspace/vhdl_lab/03752843_rcs1/clk_div.vhd \
      EN work/clk_div 1764257347
FL /nas/lrz/home/ge95gus/VHDL_System_Design_Lab_Workspace/vhdl_lab/03752843_rcs1/control.vhd 2025/11/27.16:02:56 P.20131013
EN work/control 1764257327 \
      FL /nas/lrz/home/ge95gus/VHDL_System_Design_Lab_Workspace/vhdl_lab/03752843_rcs1/control.vhd \
      PB ieee/std_logic_1164 1381692176
AR work/control/Behavioral 1764257328 \
      FL /nas/lrz/home/ge95gus/VHDL_System_Design_Lab_Workspace/vhdl_lab/03752843_rcs1/control.vhd \
      EN work/control 1764257327
FL /nas/lrz/home/ge95gus/VHDL_System_Design_Lab_Workspace/vhdl_lab/03752843_rcs1/idea_com.vhd 2025/11/27.16:02:56 P.20131013
EN work/idea_com 1764257351 \
      FL /nas/lrz/home/ge95gus/VHDL_System_Design_Lab_Workspace/vhdl_lab/03752843_rcs1/idea_com.vhd \
      PB ieee/std_logic_1164 1381692176 PB ieee/std_logic_arith 1381692177 \
      PB ieee/STD_LOGIC_UNSIGNED 1381692179
AR work/idea_com/Behavioral 1764257352 \
      FL /nas/lrz/home/ge95gus/VHDL_System_Design_Lab_Workspace/vhdl_lab/03752843_rcs1/idea_com.vhd \
      EN work/idea_com 1764257351 CP clk_div CP idea_com_inner
FL /nas/lrz/home/ge95gus/VHDL_System_Design_Lab_Workspace/vhdl_lab/03752843_rcs1/idea_com_inner.vhd 2025/11/27.16:02:56 P.20131013
EN work/idea_com_inner 1764257349 \
      FL /nas/lrz/home/ge95gus/VHDL_System_Design_Lab_Workspace/vhdl_lab/03752843_rcs1/idea_com_inner.vhd \
      PB ieee/std_logic_1164 1381692176 PB ieee/std_logic_arith 1381692177 \
      PB ieee/STD_LOGIC_UNSIGNED 1381692179
AR work/idea_com_inner/Behavioral 1764257350 \
      FL /nas/lrz/home/ge95gus/VHDL_System_Design_Lab_Workspace/vhdl_lab/03752843_rcs1/idea_com_inner.vhd \
      EN work/idea_com_inner 1764257349 CP uart CP idea_single CP mux2x1
FL /nas/lrz/home/ge95gus/VHDL_System_Design_Lab_Workspace/vhdl_lab/03752843_rcs1/idea_single.vhd 2025/11/27.16:02:56 P.20131013
EN work/idea_single 1764257345 \
      FL /nas/lrz/home/ge95gus/VHDL_System_Design_Lab_Workspace/vhdl_lab/03752843_rcs1/idea_single.vhd \
      PB ieee/std_logic_1164 1381692176
AR work/idea_single/Structural 1764257346 \
      FL /nas/lrz/home/ge95gus/VHDL_System_Design_Lab_Workspace/vhdl_lab/03752843_rcs1/idea_single.vhd \
      EN work/idea_single 1764257345 CP control CP keygen CP mux2x1 CP round CP reg16 \
      CP trafo
FL /nas/lrz/home/ge95gus/VHDL_System_Design_Lab_Workspace/vhdl_lab/03752843_rcs1/keygen.vhd 2025/11/27.16:02:57 P.20131013
EN work/keygen 1764257329 \
      FL /nas/lrz/home/ge95gus/VHDL_System_Design_Lab_Workspace/vhdl_lab/03752843_rcs1/keygen.vhd \
      PB ieee/std_logic_1164 1381692176 PB ieee/NUMERIC_STD 1381692181
AR work/keygen/Behavioral 1764257330 \
      FL /nas/lrz/home/ge95gus/VHDL_System_Design_Lab_Workspace/vhdl_lab/03752843_rcs1/keygen.vhd \
      EN work/keygen 1764257329
FL /nas/lrz/home/ge95gus/VHDL_System_Design_Lab_Workspace/vhdl_lab/03752843_rcs1/mulop.vhd 2025/11/27.16:02:57 P.20131013
EN work/mulop 1764257321 \
      FL /nas/lrz/home/ge95gus/VHDL_System_Design_Lab_Workspace/vhdl_lab/03752843_rcs1/mulop.vhd \
      PB ieee/std_logic_1164 1381692176 PB ieee/NUMERIC_STD 1381692181
AR work/mulop/Behavioral 1764257322 \
      FL /nas/lrz/home/ge95gus/VHDL_System_Design_Lab_Workspace/vhdl_lab/03752843_rcs1/mulop.vhd \
      EN work/mulop 1764257321
FL /nas/lrz/home/ge95gus/VHDL_System_Design_Lab_Workspace/vhdl_lab/03752843_rcs1/mux2x1.vhd 2025/11/27.16:02:57 P.20131013
EN work/mux2x1 1764257331 \
      FL /nas/lrz/home/ge95gus/VHDL_System_Design_Lab_Workspace/vhdl_lab/03752843_rcs1/mux2x1.vhd \
      PB ieee/std_logic_1164 1381692176
AR work/mux2x1/Behavioral 1764257332 \
      FL /nas/lrz/home/ge95gus/VHDL_System_Design_Lab_Workspace/vhdl_lab/03752843_rcs1/mux2x1.vhd \
      EN work/mux2x1 1764257331
FL /nas/lrz/home/ge95gus/VHDL_System_Design_Lab_Workspace/vhdl_lab/03752843_rcs1/register.vhd 2025/11/27.16:02:58 P.20131013
EN work/reg16 1764257335 \
      FL /nas/lrz/home/ge95gus/VHDL_System_Design_Lab_Workspace/vhdl_lab/03752843_rcs1/register.vhd \
      PB ieee/std_logic_1164 1381692176
AR work/reg16/Behavioral 1764257336 \
      FL /nas/lrz/home/ge95gus/VHDL_System_Design_Lab_Workspace/vhdl_lab/03752843_rcs1/register.vhd \
      EN work/reg16 1764257335
FL /nas/lrz/home/ge95gus/VHDL_System_Design_Lab_Workspace/vhdl_lab/03752843_rcs1/round.vhd 2025/11/27.16:02:58 P.20131013
EN work/round 1764257333 \
      FL /nas/lrz/home/ge95gus/VHDL_System_Design_Lab_Workspace/vhdl_lab/03752843_rcs1/round.vhd \
      PB ieee/std_logic_1164 1381692176
AR work/round/Behavioral 1764257334 \
      FL /nas/lrz/home/ge95gus/VHDL_System_Design_Lab_Workspace/vhdl_lab/03752843_rcs1/round.vhd \
      EN work/round 1764257333 CP mulop CP addop CP xorop
FL /nas/lrz/home/ge95gus/VHDL_System_Design_Lab_Workspace/vhdl_lab/03752843_rcs1/rxcver.vhd 2025/11/27.16:02:58 P.20131013
EN work/rxcver 1764257341 \
      FL /nas/lrz/home/ge95gus/VHDL_System_Design_Lab_Workspace/vhdl_lab/03752843_rcs1/rxcver.vhd \
      PB ieee/std_logic_1164 1381692176 PB ieee/std_logic_arith 1381692177 \
      PB ieee/std_logic_misc 1381692178 PB ieee/STD_LOGIC_UNSIGNED 1381692179
AR work/rxcver/behavior 1764257342 \
      FL /nas/lrz/home/ge95gus/VHDL_System_Design_Lab_Workspace/vhdl_lab/03752843_rcs1/rxcver.vhd \
      EN work/rxcver 1764257341
FL /nas/lrz/home/ge95gus/VHDL_System_Design_Lab_Workspace/vhdl_lab/03752843_rcs1/trafo.vhd 2025/11/27.16:02:58 P.20131013
EN work/trafo 1764257337 \
      FL /nas/lrz/home/ge95gus/VHDL_System_Design_Lab_Workspace/vhdl_lab/03752843_rcs1/trafo.vhd \
      PB ieee/std_logic_1164 1381692176
AR work/trafo/Behavioral 1764257338 \
      FL /nas/lrz/home/ge95gus/VHDL_System_Design_Lab_Workspace/vhdl_lab/03752843_rcs1/trafo.vhd \
      EN work/trafo 1764257337 CP mulop CP addop
FL /nas/lrz/home/ge95gus/VHDL_System_Design_Lab_Workspace/vhdl_lab/03752843_rcs1/txmit.vhd 2025/11/27.16:02:58 P.20131013
EN work/txmit 1764257339 \
      FL /nas/lrz/home/ge95gus/VHDL_System_Design_Lab_Workspace/vhdl_lab/03752843_rcs1/txmit.vhd \
      PB ieee/std_logic_1164 1381692176 PB ieee/std_logic_arith 1381692177 \
      PB ieee/std_logic_misc 1381692178 PB ieee/STD_LOGIC_UNSIGNED 1381692179
AR work/txmit/behavior 1764257340 \
      FL /nas/lrz/home/ge95gus/VHDL_System_Design_Lab_Workspace/vhdl_lab/03752843_rcs1/txmit.vhd \
      EN work/txmit 1764257339
FL /nas/lrz/home/ge95gus/VHDL_System_Design_Lab_Workspace/vhdl_lab/03752843_rcs1/uart.vhd 2025/11/27.16:02:58 P.20131013
EN work/uart 1764257343 \
      FL /nas/lrz/home/ge95gus/VHDL_System_Design_Lab_Workspace/vhdl_lab/03752843_rcs1/uart.vhd \
      PB ieee/std_logic_1164 1381692176 PB ieee/std_logic_arith 1381692177 \
      PB ieee/std_logic_misc 1381692178 PB ieee/STD_LOGIC_UNSIGNED 1381692179
AR work/uart/behavior 1764257344 \
      FL /nas/lrz/home/ge95gus/VHDL_System_Design_Lab_Workspace/vhdl_lab/03752843_rcs1/uart.vhd \
      EN work/uart 1764257343 CP txmit CP rxcver
FL /nas/lrz/home/ge95gus/VHDL_System_Design_Lab_Workspace/vhdl_lab/03752843_rcs1/xorop.vhd 2025/11/27.16:02:58 P.20131013
EN work/xorop 1764257325 \
      FL /nas/lrz/home/ge95gus/VHDL_System_Design_Lab_Workspace/vhdl_lab/03752843_rcs1/xorop.vhd \
      PB ieee/std_logic_1164 1381692176
AR work/xorop/Behavioral 1764257326 \
      FL /nas/lrz/home/ge95gus/VHDL_System_Design_Lab_Workspace/vhdl_lab/03752843_rcs1/xorop.vhd \
      EN work/xorop 1764257325
